2026-02-26 16:26:57.183 KST [26064] 로그:  PostgreSQL 18.2 on x86_64-windows, compiled by msvc-19.44.35222, 64-bit 서버를 시작합니다.
2026-02-26 16:26:57.187 KST [26064] 로그:  IPv6, 주소: "::1", 포트 55432 번으로 접속을 허용합니다
2026-02-26 16:26:57.187 KST [26064] 로그:  IPv4, 주소: "127.0.0.1", 포트 55432 번으로 접속을 허용합니다
2026-02-26 16:26:57.270 KST [22172] 로그:  데이터베이스 시스템 마지막 가동 중지 시각: 2026-02-26 16:26:50 KST
2026-02-26 16:26:57.275 KST [26064] 로그:  이제 데이터베이스 서버로 접속할 수 있습니다
2026-02-26 16:27:29.086 KST [5272] 오류:  "vector" 이름의 확장 모듈을 사용할 수 없습니다
2026-02-26 16:27:29.086 KST [5272] 힌트:  해당 확장 모듈은 PostgreSQL 시작 전에 먼저 설치 되어 있어야합니다.
2026-02-26 16:27:29.086 KST [5272] 명령 구문:  CREATE EXTENSION IF NOT EXISTS vector
2026-02-26 16:27:48.437 KST [22500] 오류:  "vector" 이름의 확장 모듈을 사용할 수 없습니다
2026-02-26 16:27:48.437 KST [22500] 힌트:  해당 확장 모듈은 PostgreSQL 시작 전에 먼저 설치 되어 있어야합니다.
2026-02-26 16:27:48.437 KST [22500] 명령 구문:  CREATE EXTENSION IF NOT EXISTS vector
2026-02-26 16:31:57.270 KST [19440] 로그:  체크포인트 시작: time
2026-02-26 16:33:51.844 KST [19440] 로그:  체크포인트 작업완료: 1047개(6.4%) 버퍼 씀, 3개 SLRU 버퍼 씀; 1개 WAL 파일 추가됨, 0개 지웠음, 0개 재활용; 쓰기시간: 114.232 s, 동기화시간: 0.110 s, 전체시간: 114.577 s; 동기화 파일 개수: 320, 최장시간: 0.012 s, 평균시간: 0.001 s; 실제작업량: 5037 kB, 예상한작업량: 5037 kB; lsn=0/1CDCDE8, redo lsn=0/1CDCD58
2026-02-26 16:41:57.871 KST [19440] 로그:  체크포인트 시작: time
2026-02-26 16:41:59.130 KST [19440] 로그:  체크포인트 작업완료: 11개(0.1%) 버퍼 씀, 1개 SLRU 버퍼 씀; 0개 WAL 파일 추가됨, 0개 지웠음, 0개 재활용; 쓰기시간: 1.207 s, 동기화시간: 0.024 s, 전체시간: 1.259 s; 동기화 파일 개수: 10, 최장시간: 0.011 s, 평균시간: 0.003 s; 실제작업량: 28 kB, 예상한작업량: 4536 kB; lsn=0/1CE40C0, redo lsn=0/1CE4068
2026-02-26 16:56:57.160 KST [19440] 로그:  체크포인트 시작: time
2026-02-26 16:56:58.299 KST [19440] 로그:  체크포인트 작업완료: 10개(0.1%) 버퍼 씀, 1개 SLRU 버퍼 씀; 0개 WAL 파일 추가됨, 0개 지웠음, 0개 재활용; 쓰기시간: 1.088 s, 동기화시간: 0.024 s, 전체시간: 1.139 s; 동기화 파일 개수: 9, 최장시간: 0.013 s, 평균시간: 0.003 s; 실제작업량: 23 kB, 예상한작업량: 4085 kB; lsn=0/1CE9DF8, redo lsn=0/1CE9DA0
2026-02-26 16:59:17.756 KST [26064] 로그:  could not reserve shared memory region (addr=000002325DF70000) for child 00000000000015B4: error code 487
2026-02-26 17:26:57.368 KST [19440] 로그:  체크포인트 시작: time
2026-02-26 17:26:58.605 KST [19440] 로그:  체크포인트 작업완료: 11개(0.1%) 버퍼 씀, 1개 SLRU 버퍼 씀; 0개 WAL 파일 추가됨, 0개 지웠음, 0개 재활용; 쓰기시간: 1.202 s, 동기화시간: 0.024 s, 전체시간: 1.237 s; 동기화 파일 개수: 10, 최장시간: 0.011 s, 평균시간: 0.003 s; 실제작업량: 39 kB, 예상한작업량: 3680 kB; lsn=0/1CF3AA0, redo lsn=0/1CF3A48
2026-02-26 18:01:36.291 KST [26064] 로그:  클라이언트 백엔드 (PID 23732) 프로세스가 0xC000013A 예외로 인해 종료됨
2026-02-26 18:01:36.291 KST [26064] 상세정보:  프로세스 실행 실패: COMMIT
2026-02-26 18:01:36.291 KST [26064] 힌트:  16진수 값에 대한 설명은 C 포함 파일 "ntstatus.h"를 참조하십시오.
2026-02-26 18:01:36.291 KST [26064] 로그:  다른 활성화 되어있는 서버 프로세스를 마치고 있는 중입니다
2026-02-26 18:01:36.303 KST [26064] 로그:  모든 서버 프로세스가 중지 되었습니다; 재 초기화 중
^C